------------------------------------------------------------
TimeQuest Timing Analyzer Summary
------------------------------------------------------------

Type  : Slow 1200mV 85C Model Setup 'CLOCK_50'
Slack : 6.583
TNS   : 0.000

Type  : Slow 1200mV 85C Model Hold 'CLOCK_50'
Slack : 0.357
TNS   : 0.000

Type  : Slow 1200mV 85C Model Recovery 'CLOCK_50'
Slack : 17.133
TNS   : 0.000

Type  : Slow 1200mV 85C Model Removal 'CLOCK_50'
Slack : 1.918
TNS   : 0.000

Type  : Slow 1200mV 85C Model Minimum Pulse Width 'CLOCK_50'
Slack : 9.657
TNS   : 0.000

Type  : Slow 1200mV 0C Model Setup 'CLOCK_50'
Slack : 7.962
TNS   : 0.000

Type  : Slow 1200mV 0C Model Hold 'CLOCK_50'
Slack : 0.311
TNS   : 0.000

Type  : Slow 1200mV 0C Model Recovery 'CLOCK_50'
Slack : 17.434
TNS   : 0.000

Type  : Slow 1200mV 0C Model Removal 'CLOCK_50'
Slack : 1.730
TNS   : 0.000

Type  : Slow 1200mV 0C Model Minimum Pulse Width 'CLOCK_50'
Slack : 9.669
TNS   : 0.000

Type  : Fast 1200mV 0C Model Setup 'CLOCK_50'
Slack : 12.194
TNS   : 0.000

Type  : Fast 1200mV 0C Model Hold 'CLOCK_50'
Slack : 0.186
TNS   : 0.000

Type  : Fast 1200mV 0C Model Recovery 'CLOCK_50'
Slack : 18.297
TNS   : 0.000

Type  : Fast 1200mV 0C Model Removal 'CLOCK_50'
Slack : 1.122
TNS   : 0.000

Type  : Fast 1200mV 0C Model Minimum Pulse Width 'CLOCK_50'
Slack : 9.442
TNS   : 0.000

------------------------------------------------------------
